layer at (0,0) size 800x600
  RenderView at (0,0) size 800x600
layer at (0,0) size 800x101
  RenderBlock {HTML} at (0,0) size 800x101
    RenderBody {BODY} at (8,16) size 784x77
      RenderBlock {P} at (0,0) size 784x36
        RenderText {#text} at (0,0) size 771x36
          text run at (0,0) width 771: "This tests that the Strong Confirmation Password AutoFill button renders in an auto-filled input. It can only be tested in the"
          text run at (0,18) width 53: "test tool."
      RenderBlock {DIV} at (0,52) size 784x25
        RenderTextControl {INPUT} at (2,2) size 149x21 [bgcolor=#FFFFFF] [border: (2px inset #000000)]
          RenderFlexibleBox {DIV} at (2,3) size 145x15
            RenderBlock {DIV} at (0,0) size 145x15
            RenderBlock {DIV} at (145,7) size 0x0
        RenderText {#text} at (153,3) size 4x18
          text run at (153,3) width 4: " "
        RenderTextControl {INPUT} at (159,2) size 149x21 [bgcolor=#FFFFFF] [border: (2px inset #000000)]
          RenderFlexibleBox {DIV} at (2,3) size 145x15
            RenderBlock {DIV} at (0,0) size 145x15
            RenderBlock {DIV} at (145,7) size 0x0
        RenderText {#text} at (310,3) size 4x18
          text run at (310,3) width 4: " "
        RenderTextControl {INPUT} at (314,2) size 304x21 [bgcolor=#FFFFFF] [border: (2px inset #000000)]
          RenderFlexibleBox {DIV} at (2,3) size 300x15
            RenderBlock {DIV} at (0,0) size 300x15
            RenderBlock {DIV} at (300,7) size 0x0
        RenderText {#text} at (618,3) size 4x18
          text run at (618,3) width 4: " "
        RenderTextControl {INPUT} at (624,2) size 149x21 [bgcolor=#FFFFFF] [border: (2px inset #000000)]
          RenderFlexibleBox {DIV} at (2,3) size 145x15
            RenderBlock {DIV} at (0,0) size 145x15
            RenderBlock {DIV} at (145,7) size 0x0
layer at (12,73) size 145x15 scrollWidth 250
  RenderBlock {DIV} at (0,0) size 145x15 [color=#00000099]
    RenderText {#text} at (0,0) size 250x15
      text run at (0,0) width 250: "A quick brown fox jumped over the lazy dog."
layer at (169,73) size 145x15 scrollWidth 215
  RenderBlock {DIV} at (0,0) size 145x15 [color=#00000099]
    RenderText {#text} at (0,0) size 215x15
      text run at (0,0) width 215: "\x{2022}\x{2022}\x{2022}\x{2022}\x{2022}\x{2022}\x{2022}\x{2022}\x{2022}\x{2022}\x{2022}\x{2022}\x{2022}\x{2022}\x{2022}\x{2022}\x{2022}\x{2022}\x{2022}\x{2022}\x{2022}\x{2022}\x{2022}\x{2022}\x{2022}\x{2022}\x{2022}\x{2022}\x{2022}\x{2022}\x{2022}\x{2022}\x{2022}\x{2022}\x{2022}\x{2022}\x{2022}\x{2022}\x{2022}\x{2022}\x{2022}\x{2022}\x{2022}"
layer at (324,73) size 300x15
  RenderBlock {DIV} at (0,0) size 300x15 [color=#00000099]
    RenderText {#text} at (0,0) size 215x15
      text run at (0,0) width 215: "\x{2022}\x{2022}\x{2022}\x{2022}\x{2022}\x{2022}\x{2022}\x{2022}\x{2022}\x{2022}\x{2022}\x{2022}\x{2022}\x{2022}\x{2022}\x{2022}\x{2022}\x{2022}\x{2022}\x{2022}\x{2022}\x{2022}\x{2022}\x{2022}\x{2022}\x{2022}\x{2022}\x{2022}\x{2022}\x{2022}\x{2022}\x{2022}\x{2022}\x{2022}\x{2022}\x{2022}\x{2022}\x{2022}\x{2022}\x{2022}\x{2022}\x{2022}\x{2022}"
layer at (634,73) size 145x15
  RenderBlock {DIV} at (0,0) size 145x15 [color=#00000099]
