layer at (0,0) size 800x600
  RenderView at (0,0) size 800x600
layer at (0,0) size 800x132
  RenderBlock {HTML} at (0,0) size 800x132
    RenderBody {BODY} at (8,16) size 784x108
      RenderBlock {P} at (0,0) size 784x40
        RenderText {#text} at (0,0) size 757x39
          text run at (0,0) width 757: "This tests that the Strong Confirmation Password AutoFill button renders in an auto-filled input. It can only be tested in the test"
          text run at (0,20) width 27: "tool."
      RenderBlock {DIV} at (0,56) size 784x52
        RenderTextControl {INPUT} at (2,2) size 168x22 [bgcolor=#FAFFBD] [border: (2px inset #000000)]
          RenderFlexibleBox {DIV} at (2,3) size 164x16
            RenderBlock {DIV} at (0,0) size 164x16
            RenderBlock {DIV} at (164,8) size 0x0
        RenderText {#text} at (172,2) size 4x19
          text run at (172,2) width 4: " "
        RenderTextControl {INPUT} at (178,2) size 168x22 [bgcolor=#FAFFBD] [border: (2px inset #000000)]
          RenderFlexibleBox {DIV} at (2,3) size 164x16
            RenderBlock {DIV} at (0,0) size 164x16
            RenderBlock {DIV} at (164,8) size 0x0
        RenderText {#text} at (348,2) size 4x19
          text run at (348,2) width 4: " "
        RenderTextControl {INPUT} at (352,2) size 304x22 [bgcolor=#FAFFBD] [border: (2px inset #000000)]
          RenderFlexibleBox {DIV} at (2,3) size 300x16
            RenderBlock {DIV} at (0,0) size 300x16
            RenderBlock {DIV} at (300,8) size 0x0
        RenderText {#text} at (656,2) size 4x19
          text run at (656,2) width 4: " "
        RenderTextControl {INPUT} at (2,28) size 168x22 [bgcolor=#FAFFBD] [border: (2px inset #000000)]
          RenderFlexibleBox {DIV} at (2,3) size 164x16
            RenderBlock {DIV} at (0,0) size 164x16
            RenderBlock {DIV} at (164,8) size 0x0
layer at (12,77) size 164x16 scrollWidth 344
  RenderBlock {DIV} at (0,0) size 164x16 [color=#00000099]
    RenderText {#text} at (0,0) size 344x16
      text run at (0,0) width 344: "A quick brown fox jumped over the lazy dog."
layer at (188,77) size 164x16 scrollWidth 344
  RenderBlock {DIV} at (0,0) size 164x16 [color=#00000099]
    RenderText {#text} at (0,0) size 344x16
      text run at (0,0) width 344: "A quick brown fox jumped over the lazy dog."
layer at (362,77) size 300x16 scrollWidth 344
  RenderBlock {DIV} at (0,0) size 300x16 [color=#00000099]
    RenderText {#text} at (0,0) size 344x16
      text run at (0,0) width 344: "A quick brown fox jumped over the lazy dog."
layer at (12,103) size 164x16
  RenderBlock {DIV} at (0,0) size 164x16 [color=#00000099]
