layer at (0,0) size 800x600
  RenderView at (0,0) size 800x600
layer at (0,0) size 800x132
  RenderBlock {HTML} at (0,0) size 800x132
    RenderBody {BODY} at (8,16) size 784x108
      RenderBlock {P} at (0,0) size 784x36
        RenderText {#text} at (0,0) size 771x35
          text run at (0,0) width 771: "This tests that the Strong Confirmation Password AutoFill button renders in an auto-filled input. It can only be tested in the"
          text run at (0,18) width 53: "test tool."
      RenderBlock {DIV} at (0,52) size 784x56
        RenderTextControl {INPUT} at (2,2) size 191x24 [bgcolor=#FFFFFF] [border: (2px inset #000000)]
          RenderFlexibleBox {DIV} at (3,3) size 185x18
            RenderBlock {DIV} at (0,0) size 185x18
            RenderBlock {DIV} at (185,9) size 0x0
        RenderText {#text} at (195,5) size 4x17
          text run at (195,5) width 4: " "
        RenderTextControl {INPUT} at (201,2) size 191x24 [bgcolor=#FFFFFF] [border: (2px inset #000000)]
          RenderFlexibleBox {DIV} at (3,3) size 185x18
            RenderBlock {DIV} at (0,0) size 185x18
            RenderBlock {DIV} at (185,9) size 0x0
        RenderText {#text} at (394,5) size 4x17
          text run at (394,5) width 4: " "
        RenderTextControl {INPUT} at (398,2) size 306x24 [bgcolor=#FFFFFF] [border: (2px inset #000000)]
          RenderFlexibleBox {DIV} at (3,3) size 300x18
            RenderBlock {DIV} at (0,0) size 300x18
            RenderBlock {DIV} at (300,9) size 0x0
        RenderText {#text} at (704,5) size 4x17
          text run at (704,5) width 4: " "
        RenderTextControl {INPUT} at (2,30) size 191x24 [bgcolor=#FFFFFF] [border: (2px inset #000000)]
          RenderFlexibleBox {DIV} at (3,3) size 185x18
            RenderBlock {DIV} at (0,0) size 185x18
            RenderBlock {DIV} at (185,9) size 0x0
layer at (13,73) size 185x18 scrollWidth 312
  RenderBlock {DIV} at (0,0) size 185x18 [color=#00000099]
    RenderText {#text} at (0,0) size 312x17
      text run at (0,0) width 312: "A quick brown fox jumped over the lazy dog."
layer at (212,73) size 185x18 scrollWidth 258
  RenderBlock {DIV} at (0,0) size 185x18 [color=#00000099]
    RenderText {#text} at (0,0) size 258x17
      text run at (0,0) width 258: "\x{2022}\x{2022}\x{2022}\x{2022}\x{2022}\x{2022}\x{2022}\x{2022}\x{2022}\x{2022}\x{2022}\x{2022}\x{2022}\x{2022}\x{2022}\x{2022}\x{2022}\x{2022}\x{2022}\x{2022}\x{2022}\x{2022}\x{2022}\x{2022}\x{2022}\x{2022}\x{2022}\x{2022}\x{2022}\x{2022}\x{2022}\x{2022}\x{2022}\x{2022}\x{2022}\x{2022}\x{2022}\x{2022}\x{2022}\x{2022}\x{2022}\x{2022}\x{2022}"
layer at (409,73) size 300x18
  RenderBlock {DIV} at (0,0) size 300x18 [color=#00000099]
    RenderText {#text} at (0,0) size 258x17
      text run at (0,0) width 258: "\x{2022}\x{2022}\x{2022}\x{2022}\x{2022}\x{2022}\x{2022}\x{2022}\x{2022}\x{2022}\x{2022}\x{2022}\x{2022}\x{2022}\x{2022}\x{2022}\x{2022}\x{2022}\x{2022}\x{2022}\x{2022}\x{2022}\x{2022}\x{2022}\x{2022}\x{2022}\x{2022}\x{2022}\x{2022}\x{2022}\x{2022}\x{2022}\x{2022}\x{2022}\x{2022}\x{2022}\x{2022}\x{2022}\x{2022}\x{2022}\x{2022}\x{2022}\x{2022}"
layer at (13,101) size 185x18
  RenderBlock {DIV} at (0,0) size 185x18 [color=#00000099]
